[preview.cruip.com/neon/index.html]
[backblue.gif]
[fade.gif]
[index.html]
[preview.cruip.com/neon/css/vendors/aos.css]
[preview.cruip.com/neon/style.css]
[preview.cruip.com/neon/signin.html]
[preview.cruip.com/neon/images/hero-illustration.svg]
[preview.cruip.com/neon/images/features.svg]
[preview.cruip.com/neon/images/features-illustration.svg]
[preview.cruip.com/neon/images/features-02.png]
[preview.cruip.com/neon/images/pricing-illustration.svg]
[preview.cruip.com/neon/images/testimonial-01.jpg]
[preview.cruip.com/neon/images/testimonial-02.jpg]
[preview.cruip.com/neon/images/testimonial-03.jpg]
[preview.cruip.com/neon/images/testimonial-04.jpg]
[preview.cruip.com/neon/images/testimonial-05.jpg]
[preview.cruip.com/neon/images/testimonial-06.jpg]
[preview.cruip.com/neon/images/testimonial-07.jpg]
[preview.cruip.com/neon/images/testimonial-08.jpg]
[preview.cruip.com/neon/images/testimonial-09.jpg]
[preview.cruip.com/neon/images/cta-illustration.svg]
[preview.cruip.com/neon/js/vendors/alpinejs.min.js]
[preview.cruip.com/neon/js/vendors/aos.js]
[preview.cruip.com/neon/index.html]
[preview.cruip.com/neon/css/vendors/aos.css]
[preview.cruip.com/neon/style.css]
[preview.cruip.com/neon/js/main.js]
[preview.cruip.com/neon/reset-password.html]
[preview.cruip.com/neon/signup.html]
[preview.cruip.com/neon/signin.html]
[preview.cruip.com/neon/images/hero-illustration.svg]
[preview.cruip.com/neon/images/features.svg]
[preview.cruip.com/neon/images/features-illustration.svg]
[preview.cruip.com/neon/images/pricing-illustration.svg]
[preview.cruip.com/neon/images/cta-illustration.svg]
[preview.cruip.com/neon/reset-password.html]
[preview.cruip.com/neon/signup.html]
[preview.cruip.com/neon/images/auth-illustration.svg]
[preview.cruip.com/neon/images/auth-illustration.svg]
